// Jest Snapshot v1, https://goo.gl/fbAQLP

exports[`does things 1`] = `
<h1>
  qwe
</h1>
`;
